// Jest Snapshot v1, https://goo.gl/fbAQLP

exports[`renders correctly 1`] = `
<div
  className="main"
>
  <div
    className="user-container"
  />
</div>
`;
